debconf: unable to initialize frontend: Dialog
debconf: (TERM is not set, so the dialog frontend is not usable.)
debconf: falling back to frontend: Readline
debconf: unable to initialize frontend: Readline
debconf: (Can't locate Term/ReadLine.pm in @INC (you may need to install the Term::ReadLine module) (@INC entries checked: /etc/perl /usr/local/lib/aarch64-linux-gnu/perl/5.40.1 /usr/local/share/perl/5.40.1 /usr/lib/aarch64-linux-gnu/perl5/5.40 /usr/share/perl5 /usr/lib/aarch64-linux-gnu/perl-base /usr/lib/aarch64-linux-gnu/perl/5.40 /usr/share/perl/5.40 /usr/local/lib/site_perl) at /usr/share/perl5/Debconf/FrontEnd/Readline.pm line 8, <STDIN> line 11.)
debconf: falling back to frontend: Teletype
debconf: unable to initialize frontend: Teletype
debconf: (This frontend requires a controlling tty.)
debconf: falling back to frontend: Noninteractive
Selecting previously unselected package zlib1g-dev:arm64.
(Reading database ... 
(Reading database ... 5%
(Reading database ... 10%
(Reading database ... 15%
(Reading database ... 20%
(Reading database ... 25%
(Reading database ... 30%
(Reading database ... 35%
(Reading database ... 40%
(Reading database ... 45%
(Reading database ... 50%
(Reading database ... 55%
(Reading database ... 60%
(Reading database ... 65%
(Reading database ... 70%
(Reading database ... 75%
(Reading database ... 80%
(Reading database ... 85%
(Reading database ... 90%
(Reading database ... 95%
(Reading database ... 100%
(Reading database ... 9701 files and directories currently installed.)
Preparing to unpack .../00-zlib1g-dev_1%3a1.3.dfsg+really1.3.1-1+b1_arm64.deb ...
Unpacking zlib1g-dev:arm64 (1:1.3.dfsg+really1.3.1-1+b1) ...
Selecting previously unselected package libprotobuf32t64:arm64.
Preparing to unpack .../01-libprotobuf32t64_3.21.12-11+deb13u1_arm64.deb ...
Unpacking libprotobuf32t64:arm64 (3.21.12-11+deb13u1) ...
Selecting previously unselected package libprotobuf-lite32t64:arm64.
Preparing to unpack .../02-libprotobuf-lite32t64_3.21.12-11+deb13u1_arm64.deb ...
Unpacking libprotobuf-lite32t64:arm64 (3.21.12-11+deb13u1) ...
Selecting previously unselected package libprotobuf-dev:arm64.
Preparing to unpack .../03-libprotobuf-dev_3.21.12-11+deb13u1_arm64.deb ...
Unpacking libprotobuf-dev:arm64 (3.21.12-11+deb13u1) ...
Selecting previously unselected package libprotoc32t64:arm64.
Preparing to unpack .../04-libprotoc32t64_3.21.12-11+deb13u1_arm64.deb ...
Unpacking libprotoc32t64:arm64 (3.21.12-11+deb13u1) ...
Selecting previously unselected package make.
Preparing to unpack .../05-make_4.4.1-2_arm64.deb ...
Unpacking make (4.4.1-2) ...
Selecting previously unselected package musl:arm64.
Preparing to unpack .../06-musl_1.2.5-3.1~deb13u1_arm64.deb ...
Unpacking musl:arm64 (1.2.5-3.1~deb13u1) ...
Selecting previously unselected package musl-dev:arm64.
Preparing to unpack .../07-musl-dev_1.2.5-3.1~deb13u1_arm64.deb ...
Unpacking musl-dev:arm64 (1.2.5-3.1~deb13u1) ...
Selecting previously unselected package musl-tools.
Preparing to unpack .../08-musl-tools_1.2.5-3.1~deb13u1_arm64.deb ...
Unpacking musl-tools (1.2.5-3.1~deb13u1) ...
Selecting previously unselected package protobuf-compiler.
Preparing to unpack .../09-protobuf-compiler_3.21.12-11+deb13u1_arm64.deb ...
Unpacking protobuf-compiler (3.21.12-11+deb13u1) ...
Selecting previously unselected package ripgrep.
Preparing to unpack .../10-ripgrep_14.1.1-1+b4_arm64.deb ...
Unpacking ripgrep (14.1.1-1+b4) ...
Setting up libprotobuf-lite32t64:arm64 (3.21.12-11+deb13u1) ...
Setting up libprotobuf32t64:arm64 (3.21.12-11+deb13u1) ...
Setting up make (4.4.1-2) ...
Setting up zlib1g-dev:arm64 (1:1.3.dfsg+really1.3.1-1+b1) ...
Setting up musl:arm64 (1.2.5-3.1~deb13u1) ...
Setting up ripgrep (14.1.1-1+b4) ...
Setting up libprotoc32t64:arm64 (3.21.12-11+deb13u1) ...
Setting up protobuf-compiler (3.21.12-11+deb13u1) ...
Setting up libprotobuf-dev:arm64 (3.21.12-11+deb13u1) ...
Setting up musl-dev:arm64 (1.2.5-3.1~deb13u1) ...
Setting up musl-tools (1.2.5-3.1~deb13u1) ...
Processing triggers for libc-bin (2.41-12+deb13u3) ...
info: syncing channel updates for 1.97.1-aarch64-unknown-linux-gnu
info: latest update on 2026-07-16 for version 1.97.1 (8bab26f4f 2026-07-14)
info: component rust-std is up to date
info: downloading 3 components
info: downloading component rust-std
    Updating crates.io index
    Updating git repository `https://github.com/helix-editor/nucleo.git`
 Downloading crates ...
  Downloaded fs_extra v1.3.0
  Downloaded futures-core v0.3.32
  Downloaded futures-task v0.3.32
  Downloaded addr2line v0.25.1
  Downloaded flagset v0.4.7
  Downloaded flate2 v1.1.5
  Downloaded fluent-uri v0.3.2
  Downloaded fnv v1.0.7
  Downloaded foldhash v0.1.5
  Downloaded foldhash v0.2.0
  Downloaded font-types v0.10.1
  Downloaded fontconfig-parser v0.5.8
  Downloaded fontdb v0.23.0
  Downloaded form_urlencoded v1.2.2
  Downloaded fraction v0.15.4
  Downloaded fs2 v0.4.3
  Downloaded futf v0.1.5
  Downloaded futures v0.3.32
  Downloaded futures-channel v0.3.32
  Downloaded futures-executor v0.3.32
  Downloaded futures-io v0.3.32
  Downloaded futures-macro v0.3.32
  Downloaded futures-sink v0.3.32
  Downloaded futures-timer v3.0.3
  Downloaded futures-util v0.3.32
  Downloaded fxhash v0.2.1
  Downloaded getopts v0.2.24
  Downloaded gcloud-metadata v1.0.2
  Downloaded gcloud-storage v1.3.0
  Downloaded getrandom v0.2.16
  Downloaded getrandom v0.3.4
  Downloaded gif v0.14.1
  Downloaded gimli v0.32.3
  Downloaded gix-bitmap v0.3.2
  Downloaded gcloud-auth v1.3.0
  Downloaded generic-array v0.14.7
  Downloaded getrandom v0.4.1
  Downloaded gix-actor v0.41.1
  Downloaded gix-attributes v0.33.2
  Downloaded gix-chunk v0.7.2
  Downloaded gix-commitgraph v0.37.1
  Downloaded git2 v0.20.2
  Downloaded gix-archive v0.32.0
  Downloaded gix-blame v0.13.0
  Downloaded gix-command v0.9.1
  Downloaded gix-date v0.15.5
  Downloaded gix-hash v0.25.1
  Downloaded gix-packetline v0.21.5
  Downloaded gix v0.83.0
  Downloaded gix-config v0.56.0
  Downloaded gix-config-value v0.18.1
  Downloaded gix-diff v0.63.0
  Downloaded gix-dir v0.25.0
  Downloaded gix-discover v0.51.0
  Downloaded gix-error v0.2.4
  Downloaded gix-features v0.48.1
  Downloaded gix-filter v0.30.0
  Downloaded gix-fs v0.21.2
  Downloaded gix-glob v0.26.1
  Downloaded gix-hashtable v0.15.1
  Downloaded gix-ignore v0.21.1
  Downloaded gix-imara-diff v0.2.3
  Downloaded gix-index v0.51.0
  Downloaded gix-lock v23.0.1
  Downloaded gix-merge v0.16.0
  Downloaded gix-negotiate v0.31.0
  Downloaded gix-object v0.60.0
  Downloaded gix-odb v0.80.0
  Downloaded gix-pack v0.70.0
  Downloaded gix-path v0.12.1
  Downloaded gix-pathspec v0.18.1
  Downloaded gix-protocol v0.61.0
  Downloaded gix-quote v0.7.2
  Downloaded gix-ref v0.63.0
  Downloaded gix-refspec v0.41.0
  Downloaded gix-revision v0.45.0
  Downloaded gix-revwalk v0.31.0
  Downloaded gix-sec v0.14.1
  Downloaded gix-shallow v0.12.1
  Downloaded gix-status v0.30.0
  Downloaded gix-submodule v0.30.0
  Downloaded gix-tempfile v23.0.1
  Downloaded gix-trace v0.1.20
  Downloaded gix-transport v0.57.2
  Downloaded gix-traverse v0.57.0
  Downloaded gix-url v0.36.1
  Downloaded gix-utils v0.3.3
  Downloaded globset v0.4.18
  Downloaded gix-validate v0.11.2
  Downloaded gix-worktree v0.52.0
  Downloaded gix-worktree-state v0.30.0
  Downloaded gix-worktree-stream v0.32.0
  Downloaded glob v0.3.3
  Downloaded grid v1.0.1
  Downloaded h2 v0.4.15
  Downloaded half v2.7.1
  Downloaded hash32 v0.3.1
  Downloaded hashbrown v0.14.5
  Downloaded hashbrown v0.15.5
  Downloaded hashbrown v0.16.1
  Downloaded hashbrown v0.17.0
  Downloaded minimal-lexical v0.2.1
  Downloaded miniz_oxide v0.8.9
  Downloaded mio v1.2.1
  Downloaded nom v7.1.3
  Downloaded nom v8.0.0
  Downloaded nonempty v0.12.0
  Downloaded nono v0.53.0
  Downloaded notify v8.2.0
  Downloaded notify-debouncer-full v0.5.0
  Downloaded notify-types v2.0.0
  Downloaded nu-ansi-term v0.50.3
  Downloaded num v0.4.3
  Downloaded num-bigint v0.4.6
  Downloaded num-cmp v0.1.0
  Downloaded num-complex v0.4.6
  Downloaded num-conv v0.2.0
  Downloaded num-iter v0.1.46
  Downloaded num-rational v0.4.2
  Downloaded num-traits v0.2.19
  Downloaded num_cpus v1.17.0
  Downloaded openssl-probe v0.1.6
  Downloaded serde_repr v0.1.20
  Downloaded serde_spanned v1.0.4
  Downloaded serde_tokenstream v0.2.3
  Downloaded serde_urlencoded v0.7.1
  Downloaded serde_yaml v0.9.34+deprecated
  Downloaded servo_arc v0.4.3
  Downloaded sha1 v0.10.6
  Downloaded sha1_smol v1.0.1
  Downloaded sha2 v0.10.9
  Downloaded sha2 v0.11.0
  Downloaded sharded-slab v0.1.7
  Downloaded shell-words v1.1.0
  Downloaded shlex v1.3.0
  Downloaded alloc-no-stdlib v2.0.4
  Downloaded anstyle-query v1.1.4
  Downloaded num-integer v0.1.46
  Downloaded oauth2 v5.0.0
  Downloaded object v0.37.3
  Downloaded once_cell v1.21.3
  Downloaded opentelemetry v0.32.0
  Downloaded opentelemetry-http v0.32.0
  Downloaded protobuf-support v3.7.2
  Downloaded pulldown-cmark v0.13.0
  Downloaded pulldown-cmark-escape v0.11.0
  Downloaded pulldown-cmark-to-cmark v21.1.0
  Downloaded pxfm v0.1.25
  Downloaded qcms v0.3.0
  Downloaded quick-error v2.0.1
  Downloaded rmcp-macros v2.1.0
  Downloaded roxmltree v0.20.0
  Downloaded rtrb v0.3.2
  Downloaded rusqlite v0.37.0
  Downloaded rustc-demangle v0.1.26
  Downloaded rustc-hash v2.1.1
  Downloaded rustc_version v0.4.1
  Downloaded serde v1.0.228
  Downloaded shellexpand v3.1.2
  Downloaded adler2 v2.0.1
  Downloaded agent-client-protocol v0.10.4
  Downloaded agent-client-protocol-schema v0.11.4
  Downloaded ahash v0.8.12
  Downloaded alloc-stdlib v0.2.2
  Downloaded allocator-api2 v0.2.21
  Downloaded anstream v0.6.21
  Downloaded anstyle v1.0.13
  Downloaded anstyle-parse v0.2.7
  Downloaded anyhow v1.0.100
  Downloaded arrayref v0.3.9
  Downloaded arrayvec v0.7.6
  Downloaded async-broadcast v0.7.2
  Downloaded async-lsp v0.2.3
  Downloaded async-stream v0.3.6
  Downloaded async-stream-impl v0.3.6
  Downloaded async-trait v0.1.89
  Downloaded atomic-waker v1.1.2
  Downloaded autocfg v1.5.0
  Downloaded aws-credential-types v1.2.8
  Downloaded aws-smithy-async v1.2.14
  Downloaded aws-smithy-checksums v0.63.13
  Downloaded aws-smithy-eventstream v0.60.18
  Downloaded aws-smithy-http v0.62.6
  Downloaded aws-smithy-json v0.61.6
  Downloaded aws-smithy-observability v0.1.4
  Downloaded aws-smithy-query v0.60.8
  Downloaded aws-smithy-xml v0.60.11
  Downloaded aws-types v1.3.9
  Downloaded axum-core v0.5.5
  Downloaded axum-macros v0.5.0
  Downloaded backoff v0.4.0
  Downloaded base64-simd v0.8.0
  Downloaded bit-set v0.8.0
  Downloaded block-buffer v0.10.4
  Downloaded serde_core v1.0.228
  Downloaded serde_derive v1.0.228
  Downloaded serde_derive_internals v0.29.1
  Downloaded serde_json v1.0.149
  Downloaded serde_json_canonicalizer v0.3.2
  Downloaded serde_path_to_error v0.1.20
  Downloaded aes v0.9.0
  Downloaded arc-swap v1.9.2
  Downloaded async-compression v0.4.19
  Downloaded aws-runtime v1.5.12
  Downloaded aws-sdk-sso v1.86.0
  Downloaded aws-sdk-ssooidc v1.89.0
  Downloaded aws-sigv4 v1.3.5
  Downloaded aws-smithy-http-client v1.1.9
  Downloaded aws-smithy-runtime v1.9.3
  Downloaded aws-smithy-runtime-api v1.11.3
  Downloaded aws-smithy-types v1.4.3
  Downloaded backtrace v0.3.76
  Downloaded base64 v0.22.1
  Downloaded bit-vec v0.8.0
  Downloaded block-buffer v0.12.0
  Downloaded block-padding v0.4.2
  Downloaded borrow-or-share v0.2.4
  Downloaded simple_asn1 v0.6.3
  Downloaded siphasher v1.0.3
  Downloaded skrifa v0.37.0
  Downloaded slab v0.4.11
  Downloaded slotmap v1.0.7
  Downloaded small_ctor v0.1.2
  Downloaded smallvec v1.15.1
  Downloaded smawk v0.3.2
  Downloaded socket2 v0.6.4
  Downloaded spin v0.10.0
  Downloaded spki v0.7.3
  Downloaded sse-stream v0.2.1
  Downloaded stable_deref_trait v1.2.1
  Downloaded static_assertions v1.1.0
  Downloaded streaming-iterator v0.1.9
  Downloaded strict-num v0.1.1
  Downloaded string_cache v0.8.9
  Downloaded string_cache v0.9.0
  Downloaded string_cache_codegen v0.5.4
  Downloaded string_cache_codegen v0.6.1
  Downloaded stringprep v0.1.5
  Downloaded strip-ansi-escapes v0.2.1
  Downloaded strsim v0.11.1
  Downloaded strum v0.26.3
  Downloaded strum v0.27.2
  Downloaded strum v0.28.0
  Downloaded strum_macros v0.26.4
  Downloaded strum_macros v0.27.2
  Downloaded strum_macros v0.28.0
  Downloaded subsetter v0.2.3
  Downloaded subtle v2.6.1
  Downloaded symlink v0.1.0
  Downloaded syn v2.0.117
  Downloaded sync_wrapper v1.0.2
  Downloaded hashlink v0.10.0
  Downloaded hayro-ccitt v0.3.0
  Downloaded hayro-jbig2 v0.3.0
  Downloaded heck v0.5.0
  Downloaded aho-corasick v1.1.3
  Downloaded aws-config v1.8.8
  Downloaded base64ct v1.8.0
  Downloaded bitflags v1.3.2
  Downloaded bitflags v2.13.0
  Downloaded bytecount v0.6.9
  Downloaded bytemuck_derive v1.10.2
  Downloaded byteorder v1.5.0
  Downloaded synstructure v0.13.2
  Downloaded taffy v0.10.1
  Downloaded tar v0.4.46
  Downloaded tempfile v3.27.0
  Downloaded tendril v0.4.3
  Downloaded tendril v0.5.0
  Downloaded vcpkg v0.2.15
  Downloaded version_check v0.9.5
  Downloaded vsimd v0.8.0
  Downloaded vte v0.14.1
  Downloaded waitpid-any v0.3.0
  Downloaded walkdir v2.5.0
  Downloaded want v0.3.1
  Downloaded web-time v1.1.0
  Downloaded web_atoms v0.2.3
  Downloaded webbrowser v1.0.6
  Downloaded webpki-roots v0.26.11
  Downloaded weezl v0.1.10
  Downloaded hdrhistogram v7.5.4
  Downloaded heapless v0.8.0
  Downloaded hex v0.4.3
  Downloaded hmac v0.12.1
  Downloaded hmac-sha256 v1.1.14
  Downloaded home v0.5.12
  Downloaded htmd v0.5.4
  Downloaded html5ever v0.29.1
  Downloaded aws-lc-rs v1.16.2
  Downloaded aws-sdk-sts v1.88.0
  Downloaded axum v0.8.6
  Downloaded brotli-decompressor v4.0.3
  Downloaded brotli-decompressor v5.0.0
  Downloaded bytemuck v1.24.0
  Downloaded byteorder-lite v0.1.0
  Downloaded camino v1.2.1
  Downloaded cassowary v0.3.0
  Downloaded webpki-roots v1.0.3
  Downloaded which v8.0.0
  Downloaded whoami v1.6.1
  Downloaded wildmatch v2.6.0
  Downloaded winnow v0.7.14
  Downloaded write-fonts v0.43.0
  Downloaded writeable v0.6.1
  Downloaded x509-cert v0.2.5
  Downloaded x509-tsp v0.1.0
  Downloaded opentelemetry-otlp v0.32.0
  Downloaded opentelemetry-proto v0.32.0
  Downloaded opentelemetry_sdk v0.32.1
  Downloaded option-ext v0.2.0
  Downloaded outref v0.5.2
  Downloaded parking v2.2.1
  Downloaded quick-xml v0.38.3
  Downloaded quick-xml v0.39.4
  Downloaded quinn v0.11.9
  Downloaded quinn-proto v0.11.14
  Downloaded quote v1.0.45
  Downloaded blake3 v1.8.2
  Downloaded bstr v1.12.1
  Downloaded bytes v1.11.1
  Downloaded bytes-utils v0.1.4
  Downloaded castaway v0.2.4
  Downloaded quinn-udp v0.5.14
  Downloaded rand v0.8.5
  Downloaded rustix v0.38.44
  Downloaded rustix v1.1.4
  Downloaded rustls v0.23.37
  Downloaded rustls-native-certs v0.8.2
  Downloaded rustls-pki-types v1.14.0
  Downloaded rustls-platform-verifier v0.6.2
  Downloaded rustls-webpki v0.103.13
  Downloaded cbc v0.2.0
  Downloaded cfg_aliases v0.2.1
  Downloaded tokio-tungstenite v0.27.0
  Downloaded tokio-tungstenite v0.28.0
  Downloaded tokio-util v0.7.17
  Downloaded toml v0.9.12+spec-1.1.0
  Downloaded toml_datetime v0.7.5+spec-1.1.0
  Downloaded toml_parser v1.0.9+spec-1.1.0
  Downloaded toml_writer v1.0.6+spec-1.1.0
  Downloaded tonic v0.14.3
  Downloaded tonic-build v0.14.3
  Downloaded tonic-prost-build v0.14.3
  Downloaded tower-layer v0.3.3
  Downloaded tower-service v0.3.3
  Downloaded tracing-chrome v0.7.2
  Downloaded tracing-log v0.2.0
  Downloaded sha1-checked v0.10.0
  Downloaded cc v1.2.43
  Downloaded cfb v0.7.3
  Downloaded cfg-if v1.0.4
  Downloaded tonic-prost v0.14.3
  Downloaded tonic-types v0.14.5
  Downloaded tower v0.5.2
  Downloaded tower-http v0.6.8
  Downloaded tracing-appender v0.2.5
  Downloaded tracing-attributes v0.1.31
  Downloaded tracing-core v0.1.36
  Downloaded tracing-opentelemetry v0.33.0
  Downloaded tracing-serde v0.2.0
  Downloaded brotli v8.0.2
  Downloaded tracing v0.1.44
  Downloaded tracing-subscriber v0.3.23
  Downloaded tree-sitter v0.25.10
  Downloaded tree-sitter-language v0.1.5
  Downloaded try-lock v0.2.5
  Downloaded ttf-parser v0.25.1
  Downloaded tui-scrollbar v0.2.2
  Downloaded tungstenite v0.27.0
  Downloaded tungstenite v0.28.0
  Downloaded typenum v1.19.0
  Downloaded typify v0.6.2
  Downloaded typify-macro v0.6.2
  Downloaded unarray v0.1.4
  Downloaded unicase v2.8.1
  Downloaded unicode-bidi v0.3.18
  Downloaded fastrace-tonic v0.1.1
  Downloaded fastrand v2.3.0
  Downloaded fax v0.2.6
  Downloaded fax_derive v0.2.0
  Downloaded fdeflate v0.3.7
  Downloaded file-id v0.2.3
  Downloaded filetime v0.2.29
  Downloaded find-msvc-tools v0.1.4
  Downloaded fixedbitset v0.5.7
  Downloaded signal-hook v0.3.18
  Downloaded signal-hook-mio v0.2.5
  Downloaded signal-hook-registry v1.4.6
  Downloaded signature v2.2.0
  Downloaded tree-sitter-bash v0.25.0
  Downloaded typify-impl v0.6.2
  Downloaded http v0.2.12
  Downloaded http v1.4.0
  Downloaded http-body v0.4.6
  Downloaded http-body v1.0.1
  Downloaded aws-sdk-s3 v1.109.0
  Downloaded brotli v7.0.0
  Downloaded sigstore-bundle v0.6.6
  Downloaded sigstore-crypto v0.6.6
  Downloaded sigstore-merkle v0.6.6
  Downloaded sigstore-rekor v0.6.6
  Downloaded sigstore-trust-root v0.6.3
  Downloaded sigstore-tsa v0.6.6
  Downloaded sigstore-types v0.6.6
  Downloaded sigstore-verify v0.6.3
  Downloaded simd-adler32 v0.3.7
  Downloaded similar v2.7.0
  Downloaded textwrap v0.16.2
  Downloaded thiserror v1.0.69
  Downloaded thiserror v2.0.18
  Downloaded zlib-rs v0.5.5
  Downloaded zlib-rs v0.6.6
  Downloaded zmij v1.0.19
  Downloaded zstd v0.13.3
  Downloaded zstd-safe v7.2.4
  Downloaded zstd-sys v2.0.16+zstd.1.5.7
  Downloaded zune-core v0.5.1
  Downloaded parking_lot v0.12.5
  Downloaded parking_lot_core v0.9.12
  Downloaded paste v1.0.15
  Downloaded pastey v0.2.1
  Downloaded path-clean v1.0.1
  Downloaded pbjson-build v0.9.0
  Downloaded rand v0.9.2
  Downloaded rand v0.10.0
  Downloaded rand_chacha v0.3.1
  Downloaded rand_chacha v0.9.0
  Downloaded rand_core v0.6.4
  Downloaded reqwest v0.12.24
  Downloaded reqwest v0.13.4
  Downloaded rustversion v1.0.22
  Downloaded zune-jpeg v0.5.15
  Downloaded http-body-util v0.1.3
  Downloaded httparse v1.10.1
  Downloaded httpdate v1.0.3
  Downloaded humantime v2.3.0
  Downloaded humantime-serde v1.1.1
  Downloaded hybrid-array v0.4.10
  Downloaded hyper v1.8.1
  Downloaded hyper-rustls v0.27.7
  Downloaded hyper-timeout v0.5.2
  Downloaded iana-time-zone v0.1.64
  Downloaded rustybuzz v0.20.1
  Downloaded ryu v1.0.20
  Downloaded ryu-js v1.0.2
  Downloaded same-file v1.0.6
  Downloaded schemars v0.8.22
  Downloaded schemars v1.0.4
  Downloaded darling_core v0.20.11
  Downloaded url v2.5.8
  Downloaded urlencoding v2.1.3
  Downloaded utf-8 v0.7.6
  Downloaded utf8_iter v1.0.4
  Downloaded utf8parse v0.2.2
  Downloaded uuid v1.23.1
  Downloaded uuid-simd v0.8.0
  Downloaded value-bag v1.12.0
  Downloaded hyper-util v0.1.20
  Downloaded icu_collections v2.0.0
  Downloaded icu_locale_core v2.0.0
  Downloaded icu_normalizer v2.0.0
  Downloaded icu_normalizer_data v2.0.0
  Downloaded itertools v0.14.0
  Downloaded nohash-hasher v0.2.0
  Downloaded pem v3.0.6
  Downloaded pem-rfc7468 v0.7.0
  Downloaded percent-encoding v2.3.2
  Downloaded petgraph v0.7.1
  Downloaded phf v0.11.3
  Downloaded phf v0.13.1
  Downloaded phf_codegen v0.11.3
  Downloaded phf_codegen v0.13.1
  Downloaded phf_generator v0.11.3
  Downloaded phf_generator v0.13.1
  Downloaded html5ever v0.38.0
  Downloaded phf_macros v0.11.3
  Downloaded semver v1.0.28
  Downloaded darling_macro v0.20.11
  Downloaded data-encoding v2.9.0
  Downloaded der_derive v0.7.3
  Downloaded xattr v1.6.1
  Downloaded yoke-derive v0.8.0
  Downloaded zerofrom v0.1.6
  Downloaded zerofrom-derive v0.1.6
  Downloaded zeroize_derive v1.4.2
  Downloaded pdf_oxide v0.3.46
  Downloaded phf_macros v0.13.1
  Downloaded phf_shared v0.11.3
  Downloaded selectors v0.26.0
  Downloaded cipher v0.5.1
  Downloaded clap_lex v0.7.6
  Downloaded darling_macro v0.23.0
  Downloaded dashmap v6.1.0
  Downloaded der v0.7.10
  Downloaded deranged v0.5.5
  Downloaded derive_builder v0.20.2
  Downloaded derive_builder_core v0.20.2
  Downloaded derive_builder_macro v0.20.2
  Downloaded derive_more v0.99.20
  Downloaded derive_more v2.1.1
  Downloaded derive_more-impl v2.1.1
  Downloaded digest v0.10.7
  Downloaded digest v0.11.2
  Downloaded dirs v5.0.1
  Downloaded dirs v6.0.0
  Downloaded tinystr v0.8.1
  Downloaded tinyvec v1.10.0
  Downloaded tinyvec_macros v0.1.1
  Downloaded tls_codec v0.4.2
  Downloaded tls_codec_derive v0.4.2
  Downloaded token-source v1.0.0
  Downloaded tokio v1.52.3
  Downloaded tokio-macros v2.7.0
  Downloaded tokio-rustls v0.26.4
  Downloaded tokio-stream v0.1.17
  Downloaded xml5ever v0.38.0
  Downloaded xmlparser v0.13.6
  Downloaded yoke v0.8.0
  Downloaded zerocopy-derive v0.8.48
  Downloaded zeroize v1.8.2
  Downloaded zerotrie v0.2.2
  Downloaded zerovec-derive v0.11.1
  Downloaded icu_properties v2.0.1
  Downloaded icu_properties_data v2.0.1
  Downloaded icu_provider v2.0.0
  Downloaded ident_case v1.0.1
  Downloaded idna v1.1.0
  Downloaded idna_adapter v1.2.1
  Downloaded pin-project v1.1.11
  Downloaded pin-project-internal v1.1.11
  Downloaded pin-project-lite v0.2.16
  Downloaded pin-utils v0.1.0
  Downloaded pkcs8 v0.10.2
  Downloaded pkg-config v0.3.32
  Downloaded rand_core v0.9.3
  Downloaded rand_core v0.10.0
  Downloaded rand_xorshift v0.4.0
  Downloaded rapidhash v4.2.0
  Downloaded chacha20 v0.10.0
  Downloaded clap v4.5.53
  Downloaded clap_derive v4.5.49
  Downloaded clru v0.6.2
  Downloaded cmake v0.1.54
  Downloaded cmpv2 v0.2.0
  Downloaded color_quant v1.1.0
  Downloaded colorchoice v1.0.4
  Downloaded command-fds v0.3.2
  Downloaded compact_str v0.8.1
  Downloaded compact_str v0.9.0
  Downloaded concurrent-queue v2.5.0
  Downloaded unicode-bidi-mirroring v0.4.0
  Downloaded unicode-bom v2.0.3
  Downloaded unicode-ccc v0.4.0
  Downloaded unicode-linebreak v0.1.5
  Downloaded unicode-truncate v1.1.0
  Downloaded unicode-truncate v2.0.1
  Downloaded unicode-xid v0.2.6
  Downloaded untrusted v0.7.1
  Downloaded untrusted v0.9.0
  Downloaded zerovec v0.11.4
  Downloaded zip v3.0.0
  Downloaded ignore v0.4.24
  Downloaded image v0.25.10
  Downloaded image-webp v0.2.4
  Downloaded indexmap v2.12.0
  Downloaded indoc v2.0.7
  Downloaded infer v0.19.0
  Downloaded inotify v0.11.0
  Downloaded inotify-sys v0.1.5
  Downloaded inout v0.2.2
  Downloaded instability v0.3.9
  Downloaded instant v0.1.13
  Downloaded io-close v0.3.7
  Downloaded ipnet v2.11.0
  Downloaded iri-string v0.7.9
  Downloaded is_terminal_polyfill v1.70.2
  Downloaded mac v0.1.1
  Downloaded markup5ever v0.14.1
  Downloaded markup5ever v0.38.0
  Downloaded markup5ever_rcdom v0.38.0+unofficial
  Downloaded match_token v0.1.0
  Downloaded matchers v0.2.0
  Downloaded matchit v0.8.4
  Downloaded maybe-async v0.2.10
  Downloaded md-5 v0.10.6
  Downloaded md-5 v0.11.0
  Downloaded memmap2 v0.9.10
  Downloaded ratatui v0.29.0
  Downloaded schemars_derive v0.8.22
  Downloaded schemars_derive v1.0.4
  Downloaded scopeguard v1.2.0
  Downloaded chrono v0.4.44
  Downloaded clap_builder v4.5.53
  Downloaded cms v0.2.3
  Downloaded const-hex v1.18.1
  Downloaded const-oid v0.9.6
  Downloaded const-oid v0.10.2
  Downloaded constant_time_eq v0.3.1
  Downloaded convert_case v0.10.0
  Downloaded core_maths v0.1.1
  Downloaded cpubits v0.1.1
  Downloaded cpufeatures v0.2.17
  Downloaded cpufeatures v0.3.0
  Downloaded crc v3.3.0
  Downloaded crc-catalog v2.4.0
  Downloaded crc32fast v1.5.0
  Downloaded crmf v0.2.0
  Downloaded crossbeam v0.8.4
  Downloaded crossbeam-deque v0.8.6
  Downloaded crossbeam-epoch v0.9.18
  Downloaded crossbeam-queue v0.3.12
  Downloaded fast_image_resize v6.0.0
  Downloaded fastant v0.1.10
  Downloaded faster-hex v0.10.0
  Downloaded fastrace v0.7.18
  Downloaded fastrace-macro v0.7.18
  Downloaded fastrace-opentelemetry v0.18.1
  Downloaded fastrace-reqwest v0.2.0
  Downloaded unicode-ident v1.0.24
  Downloaded unicode-normalization v0.1.25
  Downloaded unicode-properties v0.1.4
  Downloaded unicode-script v0.5.8
  Downloaded unicode-segmentation v1.12.0
  Downloaded unsafe-libyaml v0.2.11
  Downloaded zerocopy v0.8.48
  Downloaded md5 v0.8.0
  Downloaded memchr v2.8.2
  Downloaded memo-map v0.3.3
  Downloaded png v0.18.0
  Downloaded pollster v0.4.0
  Downloaded potential_utf v0.1.3
  Downloaded powerfmt v0.2.0
  Downloaded ppv-lite86 v0.2.21
  Downloaded precomputed-hash v0.1.1
  Downloaded prettyplease v0.2.37
  Downloaded proc-macro2 v1.0.106
  Downloaded procfs v0.17.0
  Downloaded procfs-core v0.17.0
  Downloaded prodash v31.0.0
  Downloaded prometheus v0.14.0
  Downloaded crc-fast v1.9.0
  Downloaded crossbeam-channel v0.5.15
  Downloaded displaydoc v0.2.5
  Downloaded document-features v0.2.12
  Downloaded dtoa v1.0.10
  Downloaded dtoa-short v0.3.5
  Downloaded enum-ordinalize-derive v4.3.1
  Downloaded enumflags2 v0.7.12
  Downloaded enumflags2_derive v0.7.12
  Downloaded env_filter v0.1.4
  Downloaded env_home v0.1.0
  Downloaded env_logger v0.11.8
  Downloaded equivalent v1.0.2
  Downloaded errno v0.3.14
  Downloaded euclid v0.22.14
  Downloaded event-listener v5.4.1
  Downloaded fancy-regex v0.14.0
  Downloaded unicode-width v0.1.14
  Downloaded unicode-width v0.2.0
  Downloaded jsonschema v0.30.0
  Downloaded jsonwebtoken v10.3.0
  Downloaded crypto-common v0.1.6
  Downloaded crypto-common v0.2.1
  Downloaded cssparser v0.34.0
  Downloaded cssparser-macros v0.6.1
  Downloaded darling v0.20.11
  Downloaded darling v0.23.0
  Downloaded thiserror-impl v1.0.69
  Downloaded thiserror-impl v2.0.18
  Downloaded thread_local v1.1.9
  Downloaded time-core v0.1.8
  Downloaded time-macros v0.2.27
  Downloaded tiny-skia-path v0.12.0
  Downloaded jpeg-decoder v0.3.2
  Downloaded kasuari v0.4.11
  Downloaded kstring v2.0.2
  Downloaded crossbeam-utils v0.8.21
  Downloaded crossterm v0.28.1
  Downloaded tiff v0.11.3
  Downloaded kurbo v0.12.0
  Downloaded landlock v0.4.4
  Downloaded lazy_static v1.5.0
  Downloaded time v0.3.47
  Downloaded tiny-skia v0.12.0
  Downloaded fallible-streaming-iterator v0.1.9
  Downloaded libc v0.2.186
  Downloaded libm v0.2.15
  Downloaded libz-rs-sys v0.5.2
  Downloaded reqwest-eventsource v0.6.0
  Downloaded reqwest-middleware v0.4.2
  Downloaded reqwest-middleware v0.5.1
  Downloaded event-listener-strategy v0.5.4
  Downloaded eventsource-stream v0.2.3
  Downloaded fallible-iterator v0.3.0
  Downloaded darling_core v0.23.0
  Downloaded rmcp v2.1.0
  Downloaded aws-lc-sys v0.39.1
  Downloaded litemap v0.8.0
  Downloaded litrs v1.0.0
  Downloaded phf_shared v0.13.1
  Downloaded lock_api v0.4.14
  Downloaded ring v0.17.14
  Downloaded dirs-sys v0.4.1
  Downloaded dirs-sys v0.5.0
  Downloaded itertools v0.12.1
  Downloaded itertools v0.13.0
  Downloaded itoa v1.0.17
  Downloaded jiff-static v0.2.28
  Downloaded jobserver v0.1.34
  Downloaded lru v0.12.5
  Downloaded libgit2-sys v0.18.2+1.9.1
  Downloaded jiff v0.2.28
  Downloaded log v0.4.32
  Downloaded lsp-types v0.95.1
  Downloaded libz-sys v1.1.22
  Downloaded mid v4.0.0
  Downloaded mime v0.3.17
  Downloaded mime_guess v2.0.5
  Downloaded minijinja v2.18.0
  Downloaded moxcms v0.8.1
  Downloaded multimap v0.10.1
  Downloaded new_debug_unreachable v1.0.6
  Downloaded dunce v1.0.5
  Downloaded dyn-clone v1.0.20
  Downloaded nix v0.30.1
  Downloaded educe v0.6.0
  Downloaded ego-tree v0.10.0
  Downloaded either v1.15.0
  Downloaded email_address v0.2.9
  Downloaded lru v0.16.3
  Downloaded lru-slab v0.1.2
  Downloaded encoding_rs v0.8.35
  Downloaded enum-ordinalize v4.3.0
  Downloaded prometheus-parse v0.2.5
  Downloaded prost-derive v0.14.3
  Downloaded prost v0.14.3
  Downloaded prost-build v0.14.1
  Downloaded prost-types v0.14.3
  Downloaded rayon-core v1.13.0
  Downloaded proptest v1.10.0
  Downloaded ratatui-core v0.1.0
  Downloaded rayon v1.11.0
  Downloaded ref-cast v1.0.25
  Downloaded secrecy v0.10.3
  Downloaded read-fonts v0.35.0
  Downloaded ref-cast-impl v1.0.25
  Downloaded reflink-copy v0.1.28
  Downloaded scraper v0.23.1
  Downloaded referencing v0.30.0
  Downloaded regex-lite v0.1.8
  Downloaded regex v1.12.4
  Downloaded protobuf v3.7.2
  Downloaded nix v0.31.3
  Downloaded regex-syntax v0.8.11
  Downloaded regress v0.11.1
  Downloaded linux-raw-sys v0.12.1
  Downloaded linux-raw-sys v0.4.15
  Downloaded regex-automata v0.4.13
  Downloaded libsqlite3-sys v0.35.0
   Compiling proc-macro2 v1.0.106
   Compiling quote v1.0.45
   Compiling unicode-ident v1.0.24
   Compiling syn v2.0.117
   Compiling libc v0.2.186
   Compiling cfg-if v1.0.4
   Compiling memchr v2.8.2
   Compiling serde_core v1.0.228
   Compiling serde_derive v1.0.228
   Compiling smallvec v1.15.1
   Compiling serde v1.0.228
   Compiling parking_lot_core v0.9.12
   Compiling scopeguard v1.2.0
   Compiling lock_api v0.4.14
   Compiling itoa v1.0.17
   Compiling parking_lot v0.12.5
   Compiling value-bag v1.12.0
   Compiling log v0.4.32
   Compiling once_cell v1.21.3
   Compiling thiserror v2.0.18
   Compiling foldhash v0.2.0
   Compiling thiserror-impl v2.0.18
   Compiling pin-project-lite v0.2.16
   Compiling jobserver v0.1.34
   Compiling find-msvc-tools v0.1.4
   Compiling shlex v1.3.0
   Compiling cc v1.2.43
   Compiling equivalent v1.0.2
   Compiling allocator-api2 v0.2.21
   Compiling bytes v1.11.1
   Compiling typenum v1.19.0
   Compiling subtle v2.6.1
   Compiling autocfg v1.5.0
   Compiling version_check v0.9.5
   Compiling num-traits v0.2.19
   Compiling hashbrown v0.16.1
   Compiling futures-core v0.3.32
   Compiling bitflags v2.13.0
   Compiling mio v1.2.1
   Compiling signal-hook-registry v1.4.6
   Compiling socket2 v0.6.4
   Compiling tokio-macros v2.7.0
   Compiling stable_deref_trait v1.2.1
   Compiling zmij v1.0.19
   Compiling crc32fast v1.5.0
   Compiling tokio v1.52.3
   Compiling generic-array v0.14.7
   Compiling tracing-core v0.1.36
   Compiling futures-sink v0.3.32
   Compiling tracing-attributes v0.1.31
   Compiling tracing v0.1.44
   Compiling indexmap v2.12.0
   Compiling aho-corasick v1.1.3
   Compiling crypto-common v0.1.6
   Compiling block-buffer v0.10.4
   Compiling futures-channel v0.3.32
   Compiling futures-macro v0.3.32
   Compiling futures-task v0.3.32
   Compiling futures-io v0.3.32
   Compiling regex-syntax v0.8.11
   Compiling slab v0.4.11
   Compiling futures-util v0.3.32
   Compiling regex-automata v0.4.13
   Compiling digest v0.10.7
   Compiling zeroize_derive v1.4.2
   Compiling byteorder v1.5.0
   Compiling zeroize v1.8.2
   Compiling cpufeatures v0.2.17
   Compiling fnv v1.0.7
   Compiling percent-encoding v2.3.2
   Compiling synstructure v0.13.2
   Compiling http v1.4.0
   Compiling zerofrom-derive v0.1.6
   Compiling yoke-derive v0.8.0
   Compiling serde_json v1.0.149
   Compiling tokio-util v0.7.17
   Compiling http-body v1.0.1
   Compiling zerovec-derive v0.11.1
   Compiling ryu v1.0.20
   Compiling getrandom v0.2.16
   Compiling displaydoc v0.2.5
   Compiling crossbeam-utils v0.8.21
   Compiling sha1 v0.10.6
   Compiling ring v0.17.14
   Compiling pin-utils v0.1.0
   Compiling http-body-util v0.1.3
   Compiling rand_core v0.10.0
   Compiling httparse v1.10.1
   Compiling form_urlencoded v1.2.2
   Compiling cmake v0.1.54
   Compiling getrandom v0.4.1
   Compiling dunce v1.0.5
   Compiling icu_properties_data v2.0.1
   Compiling fs_extra v1.3.0
   Compiling icu_normalizer_data v2.0.0
   Compiling aws-lc-sys v0.39.1
   Compiling bstr v1.12.1
   Compiling zerofrom v0.1.6
   Compiling base64 v0.22.1
   Compiling yoke v0.8.0
   Compiling aws-lc-rs v1.16.2
   Compiling zerovec v0.11.4
   Compiling untrusted v0.9.0
   Compiling untrusted v0.7.1
   Compiling rustls-pki-types v1.14.0
   Compiling unicase v2.8.1
   Compiling fastrand v2.3.0
   Compiling tinystr v0.8.1
   Compiling writeable v0.6.1
   Compiling tower-service v0.3.3
   Compiling litemap v0.8.0
   Compiling icu_locale_core v2.0.0
   Compiling potential_utf v0.1.3
   Compiling zerotrie v0.2.2
   Compiling icu_provider v2.0.0
   Compiling icu_collections v2.0.0
   Compiling simd-adler32 v0.3.7
   Compiling rustls v0.23.37
   Compiling pkg-config v0.3.32
   Compiling rustls-webpki v0.103.13
   Compiling tower-layer v0.3.3
   Compiling adler2 v2.0.1
   Compiling try-lock v0.2.5
   Compiling atomic-waker v1.1.2
   Compiling h2 v0.4.15
   Compiling want v0.3.1
   Compiling miniz_oxide v0.8.9
   Compiling icu_normalizer v2.0.0
   Compiling icu_properties v2.0.1
   Compiling tinyvec_macros v0.1.1
   Compiling httpdate v1.0.3
   Compiling hyper v1.8.1
   Compiling tinyvec v1.10.0
   Compiling idna_adapter v1.2.1
   Compiling sync_wrapper v1.0.2
   Compiling ipnet v2.11.0
   Compiling object v0.37.3
   Compiling openssl-probe v0.1.6
   Compiling same-file v1.0.6
   Compiling utf8_iter v1.0.4
   Compiling idna v1.1.0
   Compiling walkdir v2.5.0
   Compiling rustls-native-certs v0.8.2
   Compiling hyper-util v0.1.20
   Compiling hdrhistogram v7.5.4
   Compiling tower v0.5.2
   Compiling url v2.5.8
   Compiling unicode-normalization v0.1.25
   Compiling tokio-rustls v0.26.4
   Compiling mime v0.3.17
   Compiling either v1.15.0
   Compiling zerocopy v0.8.48
   Compiling serde_urlencoded v0.7.1
   Compiling zerocopy-derive v0.8.48
   Compiling anyhow v1.0.100
   Compiling heck v0.5.0
   Compiling mime_guess v2.0.5
   Compiling iana-time-zone v0.1.64
   Compiling chrono v0.4.44
   Compiling powerfmt v0.2.0
   Compiling num-conv v0.2.0
   Compiling time-core v0.1.8
   Compiling time-macros v0.2.27
   Compiling deranged v0.5.5
   Compiling gix-trace v0.1.20
   Compiling time v0.3.47
   Compiling webpki-roots v1.0.3
   Compiling gix-validate v0.11.2
   Compiling crossbeam-channel v0.5.15
   Compiling zlib-rs v0.5.5
   Compiling libz-rs-sys v0.5.2
   Compiling gix-path v0.12.1
   Compiling flate2 v1.1.5
   Compiling gix-utils v0.3.3
   Compiling num-integer v0.1.46
   Compiling hyper-rustls v0.27.7
   Compiling zstd-sys v2.0.16+zstd.1.5.7
   Compiling iri-string v0.7.9
   Compiling tower-http v0.6.8
   Compiling prodash v31.0.0
   Compiling zlib-rs v0.6.6
   Compiling siphasher v1.0.3
   Compiling getrandom v0.3.4
   Compiling rustix v1.1.4
   Compiling gix-features v0.48.1
   Compiling ppv-lite86 v0.2.21
   Compiling zstd-safe v7.2.4
   Compiling linux-raw-sys v0.12.1
   Compiling hex v0.4.3
   Compiling encoding_rs v0.8.35
   Compiling utf-8 v0.7.6
   Compiling gix-error v0.2.4
   Compiling rand_core v0.6.4
   Compiling zstd v0.13.3
   Compiling async-trait v0.1.89
   Compiling rustversion v1.0.22
   Compiling gimli v0.32.3
   Compiling jiff v0.2.28
   Compiling heapless v0.8.0
   Compiling addr2line v0.25.1
   Compiling sha2 v0.10.9
   Compiling hash32 v0.3.1
   Compiling vsimd v0.8.0
   Compiling outref v0.5.2
   Compiling sha1_smol v1.0.1
   Compiling rustc-demangle v0.1.26
   Compiling backtrace v0.3.76
   Compiling uuid v1.23.1
   Compiling rand_core v0.9.3
   Compiling alloc-no-stdlib v2.0.4
   Compiling alloc-stdlib v0.2.2
   Compiling itertools v0.14.0
   Compiling rand_chacha v0.9.0
   Compiling faster-hex v0.10.0
   Compiling memmap2 v0.9.10
   Compiling serde_derive_internals v0.29.1
   Compiling rand v0.9.2
   Compiling prost-derive v0.14.3
   Compiling http v0.2.12
   Compiling http-body v0.4.6
   Compiling base64-simd v0.8.0
   Compiling bytes-utils v0.1.4
   Compiling sha1-checked v0.10.0
   Compiling base64ct v1.8.0
   Compiling hashbrown v0.14.5
   Compiling dashmap v6.1.0
   Compiling pem-rfc7468 v0.7.0
   Compiling gix-hash v0.25.1
   Compiling aws-smithy-types v1.4.3
   Compiling rustls-platform-verifier v0.6.2
   Compiling der_derive v0.7.3
   Compiling const-oid v0.9.6
   Compiling flagset v0.4.7
   Compiling der v0.7.10
   Compiling reqwest v0.13.4
   Compiling brotli-decompressor v4.0.3
   Compiling signature v2.2.0
   Compiling semver v1.0.28
   Compiling futures-executor v0.3.32
   Compiling tokio-stream v0.1.17
   Compiling hashbrown v0.17.0
   Compiling ref-cast v1.0.25
   Compiling brotli v7.0.0
   Compiling spki v0.7.3
   Compiling gix-date v0.15.5
   Compiling tempfile v3.27.0
   Compiling pin-project-internal v1.1.11
   Compiling ref-cast-impl v1.0.25
   Compiling data-encoding v2.9.0
   Compiling prettyplease v0.2.37
   Compiling thiserror v1.0.69
   Compiling pin-project v1.1.11
   Compiling gix-actor v0.41.1
   Compiling async-compression v0.4.19
   Compiling gix-hashtable v0.15.1
   Compiling aws-smithy-async v1.2.14
   Compiling thiserror-impl v1.0.69
   Compiling aws-smithy-runtime-api v1.11.3
   Compiling gix-object v0.60.0
   Compiling reqwest v0.12.24
   Compiling regex v1.12.4
   Compiling serde_path_to_error v0.1.20
   Compiling ident_case v1.0.1
   Compiling lazy_static v1.5.0
   Compiling strsim v0.11.1
   Compiling tungstenite v0.28.0
   Compiling pem v3.0.6
   Compiling tls_codec_derive v0.4.2
   Compiling new_debug_unreachable v1.0.6
   Compiling rand v0.8.5
   Compiling tls_codec v0.4.2
   Compiling tokio-tungstenite v0.28.0
   Compiling phf_shared v0.11.3
   Compiling phf_shared v0.13.1
   Compiling axum-core v0.5.5
   Compiling chacha20 v0.10.0
   Compiling axum-macros v0.5.0
   Compiling static_assertions v1.1.0
   Compiling pulldown-cmark v0.13.0
   Compiling matchit v0.8.4
   Compiling cfg_aliases v0.2.1
   Compiling axum v0.8.6
   Compiling rand v0.10.0
   Compiling phf_generator v0.13.1
   Compiling phf_generator v0.11.3
   Compiling x509-cert v0.2.5
   Compiling futures v0.3.32
   Compiling prost v0.14.3
   Compiling schemars_derive v1.0.4
   Compiling gix-fs v0.21.2
   Compiling hyper-timeout v0.5.2
   Compiling hybrid-array v0.4.10
   Compiling dyn-clone v1.0.20
   Compiling option-ext v0.2.0
   Compiling schemars v1.0.4
   Compiling tonic v0.14.3
   Compiling prost-types v0.14.3
   Compiling aws-smithy-eventstream v0.60.18
   Compiling gix-chunk v0.7.2
   Compiling crossbeam-epoch v0.9.18
   Compiling opentelemetry v0.32.0
   Compiling precomputed-hash v0.1.1
   Compiling nonempty v0.12.0
   Compiling fixedbitset v0.5.7
   Compiling urlencoding v2.1.3
   Compiling petgraph v0.7.1
   Compiling crossbeam-deque v0.8.6
   Compiling aws-smithy-http v0.62.6
   Compiling pulldown-cmark-to-cmark v21.1.0
   Compiling gix-tempfile v23.0.1
   Compiling sharded-slab v0.1.7
   Compiling rustc_version v0.4.1
   Compiling gix-quote v0.7.2
   Compiling num-bigint v0.4.6
   Compiling hmac v0.12.1
   Compiling matchers v0.2.0
   Compiling tracing-log v0.2.0
   Compiling tracing-serde v0.2.0
   Compiling thread_local v1.1.9
   Compiling bytemuck_derive v1.10.2
   Compiling multimap v0.10.1
   Compiling arrayvec v0.7.6
   Compiling nu-ansi-term v0.50.3
   Compiling tracing-subscriber v0.3.23
   Compiling prost-build v0.14.1
   Compiling bytemuck v1.24.0
   Compiling aws-types v1.3.9
   Compiling gix-lock v23.0.1
   Compiling tonic-prost v0.14.3
   Compiling darling_core v0.20.11
   Compiling tonic-build v0.14.3
   Compiling aws-credential-types v1.2.8
   Compiling gix-glob v0.26.1
   Compiling rustix v0.38.44
   Compiling foldhash v0.1.5
   Compiling hashbrown v0.15.5
   Compiling tonic-prost-build v0.14.3
   Compiling darling_macro v0.20.11
   Compiling gix-commitgraph v0.37.1
   Compiling pbjson-build v0.9.0
   Compiling dirs-sys v0.5.0
   Compiling crypto-common v0.2.1
   Compiling nix v0.30.1
   Compiling sigstore-types v0.6.6
   Compiling aws-smithy-observability v0.1.4
   Compiling unicode-width v0.2.0
   Compiling small_ctor v0.1.2
   Compiling linux-raw-sys v0.4.15
   Compiling schemars v0.8.22
   Compiling web-time v1.1.0
   Compiling unicode-bom v2.0.3
   Compiling fastant v0.1.10
   Compiling aws-smithy-runtime v1.9.3
   Compiling sigstore-crypto v0.6.6
   Compiling dirs v6.0.0
   Compiling xai-proto-build v0.0.0 (/orz/orz/crates/build/xai-proto-build)
   Compiling gix-revwalk v0.31.0
   Compiling darling v0.20.11
   Compiling aws-sigv4 v1.3.5
   Compiling opentelemetry_sdk v0.32.1
   Compiling cms v0.2.3
   Compiling phf_codegen v0.11.3
   Compiling phf_macros v0.13.1
   Compiling phf_codegen v0.13.1
   Compiling string_cache_codegen v0.6.1
   Compiling schemars_derive v0.8.22
   Compiling arc-swap v1.9.2
   Compiling fastrace-macro v0.7.18
   Compiling arrayref v0.3.9
   Compiling vcpkg v0.2.15
   Compiling rtrb v0.3.2
   Compiling winnow v0.7.14
   Compiling toml_parser v1.0.9+spec-1.1.0
   Compiling fastrace v0.7.18
   Compiling web_atoms v0.2.3
   Compiling phf v0.13.1
   Compiling crmf v0.2.0
   Compiling aws-runtime v1.5.12
   Compiling orz-tools-api v0.1.220-alpha.4 (/orz/orz/crates/codegen/orz-tools-api)
   Compiling shellexpand v3.1.2
   Compiling xai-tool-types v0.1.0 (/orz/orz/crates/common/xai-tool-types)
   Compiling kstring v2.0.2
   Compiling reqwest-middleware v0.4.2
   Compiling aws-smithy-json v0.61.6
   Compiling regress v0.11.1
   Compiling strum_macros v0.27.2
   Compiling toml_datetime v0.7.5+spec-1.1.0
   Compiling serde_spanned v1.0.4
   Compiling const-hex v1.18.1
   Compiling utf8parse v0.2.2
   Compiling orz-version v0.2.114 (/orz/orz/crates/codegen/orz-version)
   Compiling toml_writer v1.0.6+spec-1.1.0
   Compiling libm v0.2.15
   Compiling regex-lite v0.1.8
   Compiling toml v0.9.12+spec-1.1.0
   Compiling anstyle-parse v0.2.7
   Compiling opentelemetry-proto v0.32.0
   Compiling strum v0.27.2
   Compiling typify-impl v0.6.2
   Compiling gix-attributes v0.33.2
   Compiling tonic-types v0.14.5
   Compiling xai-tool-protocol v0.1.0 (/orz/orz/crates/common/xai-tool-protocol)
   Compiling cmpv2 v0.2.0
   Compiling string_cache v0.9.0
   Compiling tracing-opentelemetry v0.33.0
   Compiling opentelemetry-http v0.32.0
   Compiling block-buffer v0.12.0
   Compiling serde_tokenstream v0.2.3
   Compiling phf_macros v0.11.3
   Compiling rand_chacha v0.3.1
   Compiling gix-sec v0.14.1
   Compiling blake3 v1.8.2
   Compiling anstyle-query v1.1.4
   Compiling xmlparser v0.13.6
   Compiling crc-catalog v2.4.0
   Compiling rayon-core v1.13.0
   Compiling protobuf v3.7.2
   Compiling unicode-segmentation v1.12.0
   Compiling colorchoice v1.0.4
   Compiling const-oid v0.10.2
   Compiling procfs v0.17.0
   Compiling is_terminal_polyfill v1.70.2
   Compiling anstyle v1.0.13
   Compiling anstream v0.6.21
   Compiling digest v0.11.2
   Compiling convert_case v0.10.0
   Compiling crc v3.3.0
   Compiling aws-smithy-xml v0.60.11
   Compiling phf v0.11.3
   Compiling typify-macro v0.6.2
   Compiling opentelemetry-otlp v0.32.0
   Compiling x509-tsp v0.1.0
   Compiling prod-mc-cli-chat-proxy-types v0.1.0 (/orz/orz/prod/mc/cli-chat-proxy-types)
   Compiling xai-tty-utils v0.1.0 (/orz/orz/crates/codegen/xai-tty-utils)
   Compiling sigstore-merkle v0.6.6
   Compiling lru v0.12.5
   Compiling gix-ref v0.63.0
   Compiling font-types v0.10.1
   Compiling simple_asn1 v0.6.3
   Compiling block-padding v0.4.2
   Compiling string_cache_codegen v0.5.4
   Compiling tendril v0.5.0
   Compiling protobuf-support v3.7.2
   Compiling procfs-core v0.17.0
   Compiling gix-config-value v0.18.1
   Compiling globset v0.4.18
   Compiling slotmap v1.0.7
   Compiling cpufeatures v0.3.0
   Compiling prometheus v0.14.0
   Compiling env_home v0.1.0
   Compiling mac v0.1.1
   Compiling constant_time_eq v0.3.1
   Compiling spin v0.10.0
   Compiling litrs v1.0.0
   Compiling minimal-lexical v0.2.1
   Compiling shell-words v1.1.0
   Compiling pollster v0.4.0
   Compiling unicode-xid v0.2.6
   Compiling camino v1.2.1
   Compiling derive_more-impl v2.1.1
   Compiling fastrace-opentelemetry v0.18.1
   Compiling gix-command v0.9.1
   Compiling nom v7.1.3
   Compiling document-features v0.2.12
   Compiling crc-fast v1.9.0
   Compiling futf v0.1.5
   Compiling which v8.0.0
   Compiling ignore v0.4.24
